---
source: src/tests.rs
expression: ast
input_file: src/examples/valid/non-plot/functions-2.ra
---
Main(([], [
    Function(printer, Void, [Argument(Float, text)], [
        Write([Id(text)]),
    ]),
    Function(func1, Float, [Argument(Float, bar)], [
        Assignment(false, Id(j), BinaryOperation(Times, Id(bar), Integer(100))),
        FunctionCall(printer, [Id(j)]),
        Return(BinaryOperation(Sum, Id(j), Integer(1))),
    ]),
], [
    Assignment(false, Id(foo), Integer(100)),
    Assignment(false, Id(baz), FunctionCall(func1, [Id(foo)])),
    FunctionCall(printer, [Id(baz)]),
]))
