---
source: src/tests.rs
expression: ast
input_file: src/examples/valid/non-plot/assignment-every-type.ra
---
Main(([], [
    Function(helper, Void, [Argument(Int, a), Argument(Float, b), Argument(String, c), Argument(Bool, d)], []),
], [
    Assignment(false, Id(a), Integer(1)),
    Assignment(false, Id(b), Float(1)),
    Assignment(false, Id(c), String(my string)),
    Assignment(false, Id(d), Bool(false)),
    Write([Id(a), Id(b), Id(c), Id(d)]),
]))
