---
source: src/tests.rs
expression: quad_manager
input_file: src/examples/valid/dataframe.ra
---
0    - Goto       -     -     1
1    - ReadCSV    3500  -     -
2    - Assignment 3501  -     1500
3    - Average    3502  -     2250
4    - Print      2250  -     -
5    - PrintNl    -     -     -
6    - Std        1500  -     2250
7    - Print      2250  -     -
8    - PrintNl    -     -     -
9    - Median     1500  -     2250
10   - Print      2250  -     -
11   - PrintNl    -     -     -
12   - Variance   1500  -     2250
13   - Print      2250  -     -
14   - PrintNl    -     -     -
15   - Min        1500  -     2250
16   - Print      2250  -     -
17   - PrintNl    -     -     -
18   - Max        1500  -     2250
19   - Print      2250  -     -
20   - PrintNl    -     -     -
21   - Range      1500  -     2250
22   - Print      2250  -     -
23   - PrintNl    -     -     -
24   - Corr       1500  3502  2250
25   - Print      2250  -     -
26   - PrintNl    -     -     -
27   - End        -     -     -

