---
source: src/tests.rs
expression: ast
input_file: src/examples/invalid/static/list-extra-index.ra
---
Main(([], [
    Assignment(false, Id(a), ArrayDeclaration(INT, 3, None)),
    Assignment(false, ArrayDeclaration(a, Integer(3), Some(Integer(4))), Integer(2)),
    Write([ArrayDeclaration(a, Integer(3), Some(Integer(4)))]),
]))
