---
source: src/tests.rs
expression: quad_manager
---
QuadrupleManager {
    function_name: "main",
    jump_list: [],
    missing_return: false,
    dir_func: DirFunc {
        functions: {
            "main": Function {
                args: [],
                local_addresses: AddressManager(3, 0, 0, 0),
                name: "main",
                return_type: VOID,
                temp_addresses: TempAddressManager({
                    FLOAT: [],
                    BOOL: [],
                    INT: [],
                    STRING: [],
                }),
                variables: {
                    "a": Variable {
                        address: 1000,
                        data_type: INT,
                        dimensions: (
                            Some(
                                3,
                            ),
                            None,
                        ),
                        name: "a",
                    },
                },
                first_quad: 0,
            },
        },
        global_fn: GlobalScope {
            addresses: AddressManager(0, 0, 0, 0),
            variables: {},
        },
    },
    memory: ConstantMemory({STRING: [], INT: [1000, 0, 3], BOOL: [], FLOAT: []}),
    pointer_memory: PointerMemory {
        counter: 4001,
        pointers: {},
    },
    quad_list: [
        Goto       -     -     1    ,
        Ver        3001  3002  -    ,
        Sum        3000  3001  4000 ,
        Print      4000  -     -    ,
        PrintNl    -     -     -    ,
        End        -     -     -    ,
    ],
}
