---
source: src/tests.rs
expression: quad_manager
input_file: src/examples/valid/non-plot/binary-search.ra
---
0 - Goto       -     -     32   
1 - Lt         1001  1000  2750 
2 - GotoF      2750  -     4    
3 - Return     3000  -     -    
4 - Minus      1001  1000  2000 
5 - Div        2000  3001  2001 
6 - Sum        1000  2001  2002 
7 - Assignment 2002  -     1003 
8 - Ver        1003  3003  -    
9 - Sum        3002  1003  4000 
10 - Eq         4000  1002  2750 
11 - GotoF      2750  -     13   
12 - Return     1003  -     -    
13 - Ver        1003  3003  -    
14 - Sum        3002  1003  4001 
15 - Gt         4001  1002  2750 
16 - GotoF      2750  -     24   
17 - Era        8     1     -    
18 - Minus      1003  3002  2002 
19 - Param      1000  -     0    
20 - Param      2002  -     1    
21 - Param      1002  -     2    
22 - GoSub      1     -     -    
23 - Return     0     -     -    
24 - Era        8     1     -    
25 - Sum        1003  3002  2002 
26 - Param      2002  -     0    
27 - Param      1001  -     1    
28 - Param      1002  -     2    
29 - GoSub      1     -     -    
30 - Return     0     -     -    
31 - EndProc    -     -     -    
32 - Ver        3004  3003  -    
33 - Sum        3002  3004  4002 
34 - Assignment 3002  -     4002 
35 - Ver        3002  3003  -    
36 - Sum        3002  3002  4003 
37 - Assignment 3001  -     4003 
38 - Ver        3001  3003  -    
39 - Sum        3002  3001  4004 
40 - Assignment 3005  -     4004 
41 - Ver        3005  3003  -    
42 - Sum        3002  3005  4005 
43 - Assignment 3006  -     4005 
44 - Ver        3006  3003  -    
45 - Sum        3002  3006  4006 
46 - Assignment 3007  -     4006 
47 - Ver        3007  3003  -    
48 - Sum        3002  3007  4007 
49 - Assignment 3008  -     4007 
50 - Ver        3008  3003  -    
51 - Sum        3002  3008  4008 
52 - Assignment 3009  -     4008 
53 - Ver        3009  3003  -    
54 - Sum        3002  3009  4009 
55 - Assignment 3010  -     4009 
56 - Ver        3010  3003  -    
57 - Sum        3002  3010  4010 
58 - Assignment 3011  -     4010 
59 - Ver        3011  3003  -    
60 - Sum        3002  3011  4011 
61 - Assignment 3003  -     4011 
62 - Era        8     1     -    
63 - Param      3004  -     0    
64 - Param      3011  -     1    
65 - Param      3002  -     2    
66 - GoSub      1     -     -    
67 - Print      0     -     -    
68 - Era        8     1     -    
69 - Param      3004  -     0    
70 - Param      3011  -     1    
71 - Param      3009  -     2    
72 - GoSub      1     -     -    
73 - Print      0     -     -    
74 - Era        8     1     -    
75 - Param      3004  -     0    
76 - Param      3011  -     1    
77 - Param      3000  -     2    
78 - GoSub      1     -     -    
79 - Print      0     -     -    
80 - PrintNl    -     -     -    
81 - End        -     -     -    

